// Jest Snapshot v1, https://goo.gl/fbAQLP

exports[`Header renders correctly 1`] = `
<ForwardRef>
  <div
    style={
      Object {
        "margin": "0 auto",
        "maxWidth": 960,
        "padding": "1.45rem 1.0875rem",
      }
    }
  >
    <h1
      style={
        Object {
          "margin": 0,
        }
      }
    >
      <mockConstructor
        style={
          Object {
            "color": "white",
            "textDecoration": "none",
          }
        }
        to="/"
      >
        Hello world
      </mockConstructor>
    </h1>
    <MenuWithQuery />
  </div>
</ForwardRef>
`;
