// Jest Snapshot v1, https://goo.gl/fbAQLP

exports[`Program template renders correctly 1`] = `
<DocumentFragment>
  .c1 {
  box-sizing: border-box;
  margin: 0;
  min-width: 0;
  padding-right: 2rem;
}

.c2 {
  box-sizing: border-box;
  margin: 0;
  min-width: 0;
  color: #4bb2b6;
  margin-bottom: 1rem;
}

.c3 {
  box-sizing: border-box;
  margin: 0;
  min-width: 0;
  margin-bottom: 3rem;
}

.c0 {
  box-sizing: border-box;
  margin: 0;
  min-width: 0;
  max-width: 80em;
  padding-bottom: 7rem;
  padding-left: 2rem;
  padding-right: 2rem;
  padding-top: 7rem;
  max-width: 80em;
  margin: 0 auto;
  display: -webkit-box;
  display: -webkit-flex;
  display: -ms-flexbox;
  display: flex;
  -webkit-flex-wrap: wrap;
  -ms-flex-wrap: wrap;
  flex-wrap: wrap;
  -webkit-box-pack: center;
  -webkit-justify-content: center;
  -ms-flex-pack: center;
  justify-content: center;
  -webkit-align-items: center;
  -webkit-box-align: center;
  -ms-flex-align: center;
  align-items: center;
  height: 100vh;
}

@media screen and (min-width:30em) {
  .c1 {
    width: 54.99999999999999%;
  }
}

@media screen and (min-width:30em) {
  .c3 {
    width: 45%;
    padding-right: 2rem;
  }
}

@media screen and (min-width:46em) {
  .c0 {
    padding-left: 4rem;
    padding-right: 4rem;
    padding-top: 4rem;
    padding-bottom: 4rem;
  }
}

<div
    class="c0"
  >
    <div
      class="c1"
      width="[object Object]"
    >
      <h1
        class="c2"
        color="theme"
      >
        Certified nursing assistant
      </h1>
      <p>
        intro to cna
      </p>
    </div>
    <div
      class="c3"
      width="[object Object]"
    >
      <img
        alt=""
        src="/img/medical-staff.jpg"
      />
    </div>
  </div>
  .c3 {
  box-sizing: border-box;
  margin: 0;
  min-width: 0;
  color: #132c2d;
  font-size: 1em;
  padding-top: 1em;
  padding-bottom: 1em;
}

.c0 {
  box-sizing: border-box;
  margin: 0;
  min-width: 0;
  background-color: #d2eced;
  padding-left: 4rem;
  padding-right: 4rem;
  position: -webkit-sticky;
  position: sticky;
  z-index: 11;
  top: 0;
  bottom: 0;
  display: none;
}

.c1 {
  box-sizing: border-box;
  margin: 0;
  min-width: 0;
  padding: 0;
  margin: 0;
  display: -webkit-box;
  display: -webkit-flex;
  display: -ms-flexbox;
  display: flex;
  list-style: none;
  -webkit-box-pack: justify;
  -webkit-justify-content: space-between;
  -ms-flex-pack: justify;
  justify-content: space-between;
}

.c2 {
  -webkit-text-decoration: none;
  text-decoration: none;
  text-transform: uppercase;
  display: inline-block;
}

.c2:hover {
  color: #4bb2b6;
}

@media (min-width:46em) {
  .c0 {
    display: block;
  }
}

<nav
    class="c0"
  >
    <ul
      class="c1"
    >
      <li>
        <a
          class="c2 c3"
          color="greens.1"
          font-size="1em"
          href="#opportunities"
        >
          Career opportunities
        </a>
      </li>
      <li>
        <a
          class="c2 c3"
          color="greens.1"
          font-size="1em"
          href="#schedules"
        >
          Schedules
        </a>
      </li>
    </ul>
  </nav>
  .c2 {
  box-sizing: border-box;
  margin: 0;
  min-width: 0;
  margin-bottom: 3rem;
  color: #1c2070;
}

.c8 {
  box-sizing: border-box;
  margin: 0;
  min-width: 0;
}

.c9 {
  box-sizing: border-box;
  margin: 0;
  min-width: 0;
  margin-bottom: 2rem;
}

.c10 {
  box-sizing: border-box;
  margin: 0;
  min-width: 0;
  font-size: 12px;
  background-color: #eee;
  color: #999;
  padding: 1em;
  margin-bottom: 2rem;
}

.c4 {
  font-size: 1.25rem;
  font-weight: 300;
}

.c1 {
  box-sizing: border-box;
  margin: 0;
  min-width: 0;
  text-align: center;
}

.c3 {
  margin-right: 0.5em;
  position: relative;
  top: 2px;
}

.c0 {
  box-sizing: border-box;
  margin: 0;
  min-width: 0;
  max-width: 80em;
  padding: 2rem;
  max-width: 80em;
  margin: 0 auto;
  display: -webkit-box;
  display: -webkit-flex;
  display: -ms-flexbox;
  display: flex;
  -webkit-flex-direction: column;
  -ms-flex-direction: column;
  flex-direction: column;
  -webkit-box-pack: center;
  -webkit-justify-content: center;
  -ms-flex-pack: center;
  justify-content: center;
  -webkit-align-items: center;
  -webkit-box-align: center;
  -ms-flex-align: center;
  align-items: center;
}

.c5 {
  box-sizing: border-box;
  margin: 0;
  min-width: 0;
  padding: 0;
  margin: 0;
  list-style-type: none;
}

.c6 {
  box-sizing: border-box;
  margin: 0;
  min-width: 0;
  padding-left: 3rem;
  margin-bottom: 2rem;
  position: relative;
}

.c7 {
  position: absolute;
  left: 0;
}

@media screen and (min-width:30em) {
  .c8 {
    width: 66.66666666666666%;
  }
}

@media screen and (min-width:46em) {
  .c1 {
    width: 83.33333333333334%;
  }
}

@media screen and (min-width:46em) {
  .c0 {
    padding: 4rem;
  }
}

<div
    class="c0"
    id="opportunities"
  >
    <div
      class="c1"
      width="[object Object]"
    >
      <h1
        class="c2"
        color="purples.3"
      >
        <span
          class="c3"
        >
          <svg
            fill="currentColor"
            height="1em"
            stroke="currentColor"
            stroke-width="0"
            viewBox="0 0 512 512"
            width="1em"
            xmlns="http://www.w3.org/2000/svg"
          >
            <path
              d="M464 128h-80V80c0-26.5-21.5-48-48-48H176c-26.5 0-48 21.5-48 48v48H48c-26.5 0-48 21.5-48 48v288c0 26.5 21.5 48 48 48h416c26.5 0 48-21.5 48-48V176c0-26.5-21.5-48-48-48zM192 96h128v32H192V96zm160 248c0 4.4-3.6 8-8 8h-56v56c0 4.4-3.6 8-8 8h-48c-4.4 0-8-3.6-8-8v-56h-56c-4.4 0-8-3.6-8-8v-48c0-4.4 3.6-8 8-8h56v-56c0-4.4 3.6-8 8-8h48c4.4 0 8 3.6 8 8v56h56c4.4 0 8 3.6 8 8v48z"
            />
          </svg>
        </span>
        Opportunities
      </h1>
      <p
        class="c4"
      >
        intro to opps
      </p>
    </div>
    <ul
      class="c5"
    >
      <li
        class="c6"
      >
        <svg
          _css5="[object Object]"
          class="c7"
          color="#4bb2b6"
          fill="currentColor"
          height="1.8em"
          stroke="currentColor"
          stroke-width="0"
          style="color: rgb(75, 178, 182);"
          viewBox="0 0 512 512"
          width="1.8em"
          xmlns="http://www.w3.org/2000/svg"
        >
          <path
            d="M173.898 439.404l-166.4-166.4c-9.997-9.997-9.997-26.206 0-36.204l36.203-36.204c9.997-9.998 26.207-9.998 36.204 0L192 312.69 432.095 72.596c9.997-9.997 26.207-9.997 36.204 0l36.203 36.204c9.997 9.997 9.997 26.206 0 36.204l-294.4 294.401c-9.998 9.997-26.207 9.997-36.204-.001z"
          />
        </svg>
        <span>
          place 1
        </span>
      </li>
      <li
        class="c6"
      >
        <svg
          _css5="[object Object]"
          class="c7"
          color="#4bb2b6"
          fill="currentColor"
          height="1.8em"
          stroke="currentColor"
          stroke-width="0"
          style="color: rgb(75, 178, 182);"
          viewBox="0 0 512 512"
          width="1.8em"
          xmlns="http://www.w3.org/2000/svg"
        >
          <path
            d="M173.898 439.404l-166.4-166.4c-9.997-9.997-9.997-26.206 0-36.204l36.203-36.204c9.997-9.998 26.207-9.998 36.204 0L192 312.69 432.095 72.596c9.997-9.997 26.207-9.997 36.204 0l36.203 36.204c9.997 9.997 9.997 26.206 0 36.204l-294.4 294.401c-9.998 9.997-26.207 9.997-36.204-.001z"
          />
        </svg>
        <span>
          place 2
        </span>
      </li>
    </ul>
    <div
      class="c8"
      width="[object Object]"
    >
      <p
        class="c9"
      >
        detail for opps
      </p>
      <p
        class="c10"
        color="#999"
        font-size="0"
      >
        disclaimer for opps
      </p>
    </div>
  </div>
  .c2 {
  box-sizing: border-box;
  margin: 0;
  min-width: 0;
  margin-bottom: 3rem;
  color: #1c2070;
}

.c6 {
  box-sizing: border-box;
  margin: 0;
  min-width: 0;
  margin-bottom: 3rem;
}

.c7 {
  box-sizing: border-box;
  margin: 0;
  min-width: 0;
  margin: 0;
  font-size: 18px;
}

.c8 {
  box-sizing: border-box;
  margin: 0;
  min-width: 0;
}

.c10 {
  box-sizing: border-box;
  margin: 0;
  min-width: 0;
  font-size: 14px;
  width: 31%;
}

.c11 {
  box-sizing: border-box;
  margin: 0;
  min-width: 0;
  color: #4bb2b6;
  font-size: 14px;
  margin: 0;
}

.c12 {
  box-sizing: border-box;
  margin: 0;
  min-width: 0;
  margin-bottom: 1rem;
}

.c14 {
  box-sizing: border-box;
  margin: 0;
  min-width: 0;
  margin-bottom: 0.3em;
}

.c9 {
  box-sizing: border-box;
  margin: 0;
  min-width: 0;
  -webkit-flex-wrap: wrap;
  -ms-flex-wrap: wrap;
  flex-wrap: wrap;
  -webkit-box-pack: justify;
  -webkit-justify-content: space-between;
  -ms-flex-pack: justify;
  justify-content: space-between;
  display: -webkit-box;
  display: -webkit-flex;
  display: -ms-flexbox;
  display: flex;
}

.c4 {
  font-size: 1.25rem;
  font-weight: 300;
}

.c1 {
  box-sizing: border-box;
  margin: 0;
  min-width: 0;
  text-align: center;
}

.c3 {
  margin-right: 0.5em;
  position: relative;
  top: 2px;
}

.c15 {
  margin-right: 0.5em;
}

.c0 {
  box-sizing: border-box;
  margin: 0;
  min-width: 0;
  background-color: #eeeefc;
  max-width: 80em;
  padding-bottom: 4rem;
  padding-left: 2rem;
  padding-right: 2rem;
  padding-top: 4rem;
  max-width: 80em;
  margin: 0 auto;
  display: -webkit-box;
  display: -webkit-flex;
  display: -ms-flexbox;
  display: flex;
  -webkit-flex-direction: column;
  -ms-flex-direction: column;
  flex-direction: column;
  -webkit-box-pack: center;
  -webkit-justify-content: center;
  -ms-flex-pack: center;
  justify-content: center;
  -webkit-align-items: center;
  -webkit-box-align: center;
  -ms-flex-align: center;
  align-items: center;
}

.c5 {
  box-sizing: border-box;
  margin: 0;
  min-width: 0;
  -webkit-flex-wrap: wrap;
  -ms-flex-wrap: wrap;
  flex-wrap: wrap;
  -webkit-box-pack: justify;
  -webkit-justify-content: space-between;
  -ms-flex-pack: justify;
  justify-content: space-between;
  font-size: 16px;
  display: -webkit-box;
  display: -webkit-flex;
  display: -ms-flexbox;
  display: flex;
}

.c5 tbody td {
  background-color: rgba(251,251,253,1);
}

.c13 {
  box-sizing: border-box;
  margin: 0;
  min-width: 0;
  padding: 0;
  margin: 0;
  list-style-type: none;
}

.c16 {
  box-sizing: border-box;
  margin: 0;
  min-width: 0;
  padding: 0;
  margin: 0;
  list-style-type: none;
}

@media screen and (min-width:61.25em) {
  .c6 {
    width: 50%;
    padding-right: 2rem;
  }
}

@media screen and (min-width:61.25em) {
  .c8 {
    width: 50%;
    padding-left: 2rem;
  }
}

@media screen and (min-width:46em) {
  .c1 {
    width: 83.33333333333334%;
  }
}

@media screen and (min-width:46em) {
  .c0 {
    padding-left: 4rem;
    padding-right: 4rem;
  }
}

<div
    class="c0"
    id="schedules"
  >
    <div
      class="c1"
      width="[object Object]"
    >
      <h1
        class="c2"
        color="purples.3"
      >
        <span
          class="c3"
        >
          <svg
            fill="currentColor"
            height="1em"
            stroke="currentColor"
            stroke-width="0"
            viewBox="0 0 448 512"
            width="1em"
            xmlns="http://www.w3.org/2000/svg"
          >
            <path
              d="M400 64h-48V12c0-6.6-5.4-12-12-12h-40c-6.6 0-12 5.4-12 12v52H160V12c0-6.6-5.4-12-12-12h-40c-6.6 0-12 5.4-12 12v52H48C21.5 64 0 85.5 0 112v352c0 26.5 21.5 48 48 48h352c26.5 0 48-21.5 48-48V112c0-26.5-21.5-48-48-48zm-6 400H54c-3.3 0-6-2.7-6-6V160h352v298c0 3.3-2.7 6-6 6z"
            />
          </svg>
        </span>
        Schedule
      </h1>
      <p
        class="c4"
      >
        intro to schedule
      </p>
    </div>
    <div
      class="c5"
      font-size="2"
    >
      <div
        class="c6"
        width="[object Object]"
      >
        <h3
          class="c7"
          font-size="3"
        >
          Lesson plan
        </h3>
        <div>
          <p>
            html for 
            <b>
              lesson
            </b>
             plan
          </p>
        </div>
      </div>
      <div
        class="c8"
        width="[object Object]"
      >
        <h3
          class="c7"
          font-size="3"
        >
          date title
        </h3>
        <p>
          date intro
        </p>
        <div
          class="c9"
        >
          <div
            class="c10"
            font-size="1"
            width="31%"
          >
            <h4
              class="c11"
              color="theme"
              font-size="1"
            >
              Daytime sessions
            </h4>
            <p
              class="c12"
            >
              Four week duration from 8AM-2PM Monday-Friday.
            </p>
            <ul
              class="c13"
            >
              <li
                class="c14"
              >
                <svg
                  _css="[object Object]"
                  class="c15"
                  fill="currentColor"
                  height="1em"
                  stroke="currentColor"
                  stroke-width="0"
                  viewBox="0 0 448 512"
                  width="1em"
                  xmlns="http://www.w3.org/2000/svg"
                >
                  <path
                    d="M400 64h-48V12c0-6.627-5.373-12-12-12h-40c-6.627 0-12 5.373-12 12v52H160V12c0-6.627-5.373-12-12-12h-40c-6.627 0-12 5.373-12 12v52H48C21.49 64 0 85.49 0 112v352c0 26.51 21.49 48 48 48h352c26.51 0 48-21.49 48-48V112c0-26.51-21.49-48-48-48zm-6 400H54a6 6 0 0 1-6-6V160h352v298a6 6 0 0 1-6 6zm-52.849-200.65L198.842 404.519c-4.705 4.667-12.303 4.637-16.971-.068l-75.091-75.699c-4.667-4.705-4.637-12.303.068-16.971l22.719-22.536c4.705-4.667 12.303-4.637 16.97.069l44.104 44.461 111.072-110.181c4.705-4.667 12.303-4.637 16.971.068l22.536 22.718c4.667 4.705 4.636 12.303-.069 16.97z"
                  />
                </svg>
                <time
                  datetime="2035-01-02"
                >
                  Jan 2
                </time>
              </li>
              <li
                class="c14"
              >
                <svg
                  _css="[object Object]"
                  class="c15"
                  fill="currentColor"
                  height="1em"
                  stroke="currentColor"
                  stroke-width="0"
                  viewBox="0 0 448 512"
                  width="1em"
                  xmlns="http://www.w3.org/2000/svg"
                >
                  <path
                    d="M400 64h-48V12c0-6.627-5.373-12-12-12h-40c-6.627 0-12 5.373-12 12v52H160V12c0-6.627-5.373-12-12-12h-40c-6.627 0-12 5.373-12 12v52H48C21.49 64 0 85.49 0 112v352c0 26.51 21.49 48 48 48h352c26.51 0 48-21.49 48-48V112c0-26.51-21.49-48-48-48zm-6 400H54a6 6 0 0 1-6-6V160h352v298a6 6 0 0 1-6 6zm-52.849-200.65L198.842 404.519c-4.705 4.667-12.303 4.637-16.971-.068l-75.091-75.699c-4.667-4.705-4.637-12.303.068-16.971l22.719-22.536c4.705-4.667 12.303-4.637 16.97.069l44.104 44.461 111.072-110.181c4.705-4.667 12.303-4.637 16.971.068l22.536 22.718c4.667 4.705 4.636 12.303-.069 16.97z"
                  />
                </svg>
                <time
                  datetime="2035-02-03"
                >
                  Feb 3
                </time>
              </li>
            </ul>
          </div>
          <div
            class="c10"
            font-size="1"
            width="31%"
          >
            <h4
              class="c11"
              color="theme"
              font-size="1"
            >
              Evening sessions
            </h4>
            <p
              class="c12"
            >
              Five week duration from 4:30-9:30PM Monday-Thursday.
            </p>
            <ul
              class="c16"
            >
              <li
                class="c14"
              >
                <svg
                  _css="[object Object]"
                  class="c15"
                  fill="currentColor"
                  height="1em"
                  stroke="currentColor"
                  stroke-width="0"
                  viewBox="0 0 448 512"
                  width="1em"
                  xmlns="http://www.w3.org/2000/svg"
                >
                  <path
                    d="M400 64h-48V12c0-6.627-5.373-12-12-12h-40c-6.627 0-12 5.373-12 12v52H160V12c0-6.627-5.373-12-12-12h-40c-6.627 0-12 5.373-12 12v52H48C21.49 64 0 85.49 0 112v352c0 26.51 21.49 48 48 48h352c26.51 0 48-21.49 48-48V112c0-26.51-21.49-48-48-48zm-6 400H54a6 6 0 0 1-6-6V160h352v298a6 6 0 0 1-6 6zm-52.849-200.65L198.842 404.519c-4.705 4.667-12.303 4.637-16.971-.068l-75.091-75.699c-4.667-4.705-4.637-12.303.068-16.971l22.719-22.536c4.705-4.667 12.303-4.637 16.97.069l44.104 44.461 111.072-110.181c4.705-4.667 12.303-4.637 16.971.068l22.536 22.718c4.667 4.705 4.636 12.303-.069 16.97z"
                  />
                </svg>
                <time
                  datetime="2035-01-03"
                >
                  Jan 3
                </time>
              </li>
              <li
                class="c14"
              >
                <svg
                  _css="[object Object]"
                  class="c15"
                  fill="currentColor"
                  height="1em"
                  stroke="currentColor"
                  stroke-width="0"
                  viewBox="0 0 448 512"
                  width="1em"
                  xmlns="http://www.w3.org/2000/svg"
                >
                  <path
                    d="M400 64h-48V12c0-6.627-5.373-12-12-12h-40c-6.627 0-12 5.373-12 12v52H160V12c0-6.627-5.373-12-12-12h-40c-6.627 0-12 5.373-12 12v52H48C21.49 64 0 85.49 0 112v352c0 26.51 21.49 48 48 48h352c26.51 0 48-21.49 48-48V112c0-26.51-21.49-48-48-48zm-6 400H54a6 6 0 0 1-6-6V160h352v298a6 6 0 0 1-6 6zm-52.849-200.65L198.842 404.519c-4.705 4.667-12.303 4.637-16.971-.068l-75.091-75.699c-4.667-4.705-4.637-12.303.068-16.971l22.719-22.536c4.705-4.667 12.303-4.637 16.97.069l44.104 44.461 111.072-110.181c4.705-4.667 12.303-4.637 16.971.068l22.536 22.718c4.667 4.705 4.636 12.303-.069 16.97z"
                  />
                </svg>
                <time
                  datetime="2035-02-04"
                >
                  Feb 4
                </time>
              </li>
            </ul>
          </div>
          <div
            class="c10"
            font-size="1"
            width="31%"
          >
            <h4
              class="c11"
              color="theme"
              font-size="1"
            >
              Weekend sessions
            </h4>
            <p
              class="c12"
            >
              Nine week duration from 8AM-2PM Saturday-Sunday.
            </p>
            <p
              class="c12"
            >
              New classes begin every Saturday, call for details.
            </p>
            <p>
              (203) 691-7989
            </p>
          </div>
        </div>
      </div>
    </div>
  </div>
  .c2 {
  box-sizing: border-box;
  margin: 0;
  min-width: 0;
  margin-bottom: 3rem;
  color: #1c2070;
}

.c5 {
  box-sizing: border-box;
  margin: 0;
  min-width: 0;
}

.c4 {
  font-size: 1.25rem;
  font-weight: 300;
}

.c1 {
  box-sizing: border-box;
  margin: 0;
  min-width: 0;
  text-align: center;
}

.c3 {
  margin-right: 0.5em;
  position: relative;
  top: 2px;
}

.c0 {
  box-sizing: border-box;
  margin: 0;
  min-width: 0;
  max-width: 80em;
  padding: 2rem;
  max-width: 80em;
  margin: 0 auto;
  display: -webkit-box;
  display: -webkit-flex;
  display: -ms-flexbox;
  display: flex;
  -webkit-flex-direction: column;
  -ms-flex-direction: column;
  flex-direction: column;
  -webkit-box-pack: center;
  -webkit-justify-content: center;
  -ms-flex-pack: center;
  justify-content: center;
  -webkit-align-items: center;
  -webkit-box-align: center;
  -ms-flex-align: center;
  align-items: center;
}

@media screen and (min-width:30em) {
  .c5 {
    width: 58.333333333333336%;
  }
}

@media screen and (min-width:46em) {
  .c1 {
    width: 83.33333333333334%;
  }
}

@media screen and (min-width:46em) {
  .c0 {
    padding: 4rem;
  }
}

<div
    class="c0"
    id="tuition"
  >
    <div
      class="c1"
      width="[object Object]"
    >
      <h1
        class="c2"
        color="purples.3"
      >
        <span
          class="c3"
        >
          <svg
            fill="currentColor"
            height="1em"
            stroke="currentColor"
            stroke-width="0"
            viewBox="0 0 288 512"
            width="1em"
            xmlns="http://www.w3.org/2000/svg"
          >
            <path
              d="M209.2 233.4l-108-31.6C88.7 198.2 80 186.5 80 173.5c0-16.3 13.2-29.5 29.5-29.5h66.3c12.2 0 24.2 3.7 34.2 10.5 6.1 4.1 14.3 3.1 19.5-2l34.8-34c7.1-6.9 6.1-18.4-1.8-24.5C238 74.8 207.4 64.1 176 64V16c0-8.8-7.2-16-16-16h-32c-8.8 0-16 7.2-16 16v48h-2.5C45.8 64-5.4 118.7.5 183.6c4.2 46.1 39.4 83.6 83.8 96.6l102.5 30c12.5 3.7 21.2 15.3 21.2 28.3 0 16.3-13.2 29.5-29.5 29.5h-66.3C100 368 88 364.3 78 357.5c-6.1-4.1-14.3-3.1-19.5 2l-34.8 34c-7.1 6.9-6.1 18.4 1.8 24.5 24.5 19.2 55.1 29.9 86.5 30v48c0 8.8 7.2 16 16 16h32c8.8 0 16-7.2 16-16v-48.2c46.6-.9 90.3-28.6 105.7-72.7 21.5-61.6-14.6-124.8-72.5-141.7z"
            />
          </svg>
        </span>
        Tuition
      </h1>
      <p
        class="c4"
      >
        intro to tuition
      </p>
    </div>
    <div
      class="c5"
      width="[object Object]"
    >
      <div>
        <p>
          html for 
          <b>
            tuition
          </b>
        </p>
      </div>
    </div>
  </div>
  .c2 {
  box-sizing: border-box;
  margin: 0;
  min-width: 0;
  margin-bottom: 3rem;
  color: #1c2070;
}

.c7 {
  box-sizing: border-box;
  margin: 0;
  min-width: 0;
}

.c8 {
  box-sizing: border-box;
  margin: 0;
  min-width: 0;
  margin-bottom: 2rem;
}

.c4 {
  font-size: 1.25rem;
  font-weight: 300;
}

.c1 {
  box-sizing: border-box;
  margin: 0;
  min-width: 0;
  text-align: center;
}

.c3 {
  margin-right: 0.5em;
  position: relative;
  top: 2px;
}

.c0 {
  box-sizing: border-box;
  margin: 0;
  min-width: 0;
  background-color: #eeeefc;
  max-width: 80em;
  padding: 2rem;
  max-width: 80em;
  margin: 0 auto;
  display: -webkit-box;
  display: -webkit-flex;
  display: -ms-flexbox;
  display: flex;
  -webkit-flex-direction: column;
  -ms-flex-direction: column;
  flex-direction: column;
  -webkit-box-pack: center;
  -webkit-justify-content: center;
  -ms-flex-pack: center;
  justify-content: center;
  -webkit-align-items: center;
  -webkit-box-align: center;
  -ms-flex-align: center;
  align-items: center;
}

.c5 {
  box-sizing: border-box;
  margin: 0;
  min-width: 0;
  padding: 0;
  margin: 0;
  list-style-type: none;
  counter-reset: grad-counter;
  padding-left: 2em;
}

.c6 {
  box-sizing: border-box;
  margin: 0;
  min-width: 0;
  margin-bottom: 1em;
  position: relative;
  counter-increment: grad-counter;
  padding: 0 0 1em 1em;
  --size: 50px;
  line-height: var(--size);
}

.c6:before {
  position: absolute;
  top: -5px;
  left: calc(-1 * var(--size) - 10px);
  width: var(--size);
  height: var(--size);
  border: solid 5px #4bb2b6;
  border-radius: 50%;
  color: #4bb2b6;
  content: counter(grad-counter);
  font-size: 1.6rem;
  font-weight: bold;
  line-height: calc(var(--size) - 5px);
  text-align: center;
}

@media screen and (min-width:30em) {
  .c7 {
    width: 66.66666666666666%;
  }
}

@media screen and (min-width:46em) {
  .c1 {
    width: 58.333333333333336%;
  }
}

@media screen and (min-width:46em) {
  .c0 {
    padding: 4rem;
  }
}

<div
    class="c0"
    id="graduation"
  >
    <div
      class="c1"
      width="[object Object]"
    >
      <h1
        class="c2"
        color="purples.3"
      >
        <span
          class="c3"
        >
          <svg
            fill="currentColor"
            height="1.2em"
            stroke="currentColor"
            stroke-width="0"
            viewBox="0 0 640 512"
            width="1.2em"
            xmlns="http://www.w3.org/2000/svg"
          >
            <path
              d="M622.34 153.2L343.4 67.5c-15.2-4.67-31.6-4.67-46.79 0L17.66 153.2c-23.54 7.23-23.54 38.36 0 45.59l48.63 14.94c-10.67 13.19-17.23 29.28-17.88 46.9C38.78 266.15 32 276.11 32 288c0 10.78 5.68 19.85 13.86 25.65L20.33 428.53C18.11 438.52 25.71 448 35.94 448h56.11c10.24 0 17.84-9.48 15.62-19.47L82.14 313.65C90.32 307.85 96 298.78 96 288c0-11.57-6.47-21.25-15.66-26.87.76-15.02 8.44-28.3 20.69-36.72L296.6 284.5c9.06 2.78 26.44 6.25 46.79 0l278.95-85.7c23.55-7.24 23.55-38.36 0-45.6zM352.79 315.09c-28.53 8.76-52.84 3.92-65.59 0l-145.02-44.55L128 384c0 35.35 85.96 64 192 64s192-28.65 192-64l-14.18-113.47-145.03 44.56z"
            />
          </svg>
        </span>
        Graduation
      </h1>
      <p
        class="c4"
      >
        intro to graduation
      </p>
    </div>
    <ol
      class="c5"
    >
      <li
        class="c6"
      >
        <span>
          step 1
        </span>
      </li>
      <li
        class="c6"
      >
        <span>
          step 2
        </span>
      </li>
    </ol>
    <div
      class="c7"
      width="[object Object]"
    >
      <p
        class="c8"
      >
        detail for graduation
      </p>
    </div>
  </div>
  .c8 {
  box-sizing: border-box;
  margin: 0;
  min-width: 0;
  margin-bottom: 1rem;
}

.c2 {
  box-sizing: border-box;
  margin: 0;
  min-width: 0;
  margin-bottom: 3rem;
  color: #ffffff;
}

.c5 {
  box-sizing: border-box;
  margin: 0;
  min-width: 0;
  margin-bottom: 3rem;
}

.c6 {
  box-sizing: border-box;
  margin: 0;
  min-width: 0;
  color: #3d424f;
  margin-bottom: 1rem;
}

.c7 {
  box-sizing: border-box;
  margin: 0;
  min-width: 0;
  width: 60em;
}

.c3 {
  font-size: 1.25rem;
  font-weight: 300;
}

.c1 {
  box-sizing: border-box;
  margin: 0;
  min-width: 0;
  text-align: center;
}

.c9 {
  display: none;
}

.c0 {
  box-sizing: border-box;
  margin: 0;
  min-width: 0;
  background-color: #4bb2b6;
  color: white;
  max-width: 80em;
  padding: 2rem;
  max-width: 80em;
  margin: 0 auto;
  display: -webkit-box;
  display: -webkit-flex;
  display: -ms-flexbox;
  display: flex;
  -webkit-flex-wrap: wrap;
  -ms-flex-wrap: wrap;
  flex-wrap: wrap;
  -webkit-box-pack: center;
  -webkit-justify-content: center;
  -ms-flex-pack: center;
  justify-content: center;
  -webkit-align-items: center;
  -webkit-box-align: center;
  -ms-flex-align: center;
  align-items: center;
}

.c4 {
  box-sizing: border-box;
  margin: 0;
  min-width: 0;
  display: -webkit-box;
  display: -webkit-flex;
  display: -ms-flexbox;
  display: flex;
  -webkit-flex-wrap: wrap;
  -ms-flex-wrap: wrap;
  flex-wrap: wrap;
  -webkit-box-pack: justify;
  -webkit-justify-content: space-between;
  -ms-flex-pack: justify;
  justify-content: space-between;
}

@media screen and (min-width:46em) {
  .c5 {
    width: 31%;
  }
}

@media screen and (min-width:46em) {
  .c6 {
    text-align: center;
  }
}

@media screen and (min-width:46em) {
  .c7 {
    width: 41.66666666666667%;
  }
}

@media screen and (min-width:46em) {
  .c1 {
    width: 58.333333333333336%;
  }
}

@media screen and (min-width:46em) {
  .c0 {
    padding: 4rem;
  }
}

<div
    class="c0"
    color="white"
    id="start"
  >
    <div
      class="c1"
      width="[object Object]"
    >
      <h1
        class="c2"
        color="#ffffff"
      >
        Call to action
      </h1>
      <p
        class="c3"
      >
        intro to cta
      </p>
    </div>
    <div
      class="c4"
      id="locations"
    >
      <div
        class="c5"
        width="[object Object]"
      >
        <h5
          class="c6"
          color="#3d424f"
        >
          loc 1
        </h5>
        <iframe
          allowfullscreen=""
          frameborder="0"
          height="150"
          src="google map source"
          title="loc 1"
          width="100%"
        />
      </div>
      <div
        class="c5"
        width="[object Object]"
      >
        <h5
          class="c6"
          color="#3d424f"
        >
          loc 2
        </h5>
        <iframe
          allowfullscreen=""
          frameborder="0"
          height="150"
          src="google map source 2"
          title="loc 2"
          width="100%"
        />
      </div>
    </div>
    <div
      class="c7"
      width="[object Object]"
    >
      <h4
        class="c8"
      >
        Form header
      </h4>
      <form
        data-netlify="true"
        data-netlify-honeypot="bot-field"
        method="POST"
        name="open-house"
      >
        <input
          class="c9"
          name="bot-field"
        />
        <input
          name="form-name"
          type="hidden"
          value="open-house"
        />
        <label
          for="name"
        >
          <span
            class="visuallyhidden"
          >
            Name
          </span>
          <input
            id="name"
            name="name"
            placeholder="Name"
            required=""
            type="text"
          />
        </label>
        <label
          for="email"
        >
          <span
            class="visuallyhidden"
          >
            Email
          </span>
          <input
            id="email"
            name="email"
            placeholder="Email"
            required=""
            type="email"
          />
        </label>
        <input
          name="program"
          type="hidden"
          value="CNA"
        />
        <input
          type="submit"
          value="Submit button"
        />
      </form>
    </div>
  </div>
  .c2 {
  box-sizing: border-box;
  margin: 0;
  min-width: 0;
  margin-bottom: 2rem;
}

.c1 {
  box-sizing: border-box;
  margin: 0;
  min-width: 0;
  font-size: 0.7em;
}

.c3 {
  box-sizing: border-box;
  margin: 0;
  min-width: 0;
  padding-left: 1em;
  margin: 0;
}

.c0 {
  box-sizing: border-box;
  margin: 0;
  min-width: 0;
  background-color: #eeeeee;
  color: #444444;
  max-width: 80em;
  padding: 2rem;
  max-width: 80em;
  margin: 0 auto;
  display: -webkit-box;
  display: -webkit-flex;
  display: -ms-flexbox;
  display: flex;
  -webkit-flex-wrap: wrap;
  -ms-flex-wrap: wrap;
  flex-wrap: wrap;
  -webkit-box-pack: center;
  -webkit-justify-content: center;
  -ms-flex-pack: center;
  justify-content: center;
}

@media screen and (min-width:46em) {
  .c1 {
    width: 50%;
  }
}

@media screen and (min-width:46em) {
  .c0 {
    padding: 3rem;
  }
}

<div
    class="c0"
    color="#444444"
  >
    <div
      class="c1"
      font-size="0.7em"
      width="[object Object]"
    >
      <h3
        class="c2"
      >
        Admission policy
      </h3>
      <ul
        class="c3"
      >
        <li>
          policy 1
        </li>
        <li>
          policy 2
        </li>
      </ul>
    </div>
  </div>
</DocumentFragment>
`;
